============================= test session starts ==============================
platform linux -- Python 3.14.4, pytest-9.0.3, pluggy-1.6.0 -- /usr/bin/python3
cachedir: .pytest_cache
rootdir: /home/john/www/cpt_simulator_v5
configfile: pytest.ini
plugins: anyio-4.12.1
collecting ... collected 168 items

scripts/test_student_complex.py::test SKIPPED (integration probe req...) [  0%]
tests/test_dpo_threshold.py::TestDPOThreshold::test_collapse_lenient_success PASSED [  1%]
tests/test_dpo_threshold.py::TestDPOThreshold::test_collapse_no_signal PASSED [  1%]
tests/test_teacher_hint.py::test_teacher_hint SKIPPED (integration p...) [  2%]
tests/test_v25_compiler.py::test_compile_dsl_produces_lua_and_metadata PASSED [  2%]
tests/test_v25_dataset_generator.py::test_dataset_generator_builds_jsonl PASSED [  3%]
tests/test_v25_permissions.py::test_core_truth_is_protected PASSED       [  4%]
tests/test_v25_permissions.py::test_llm_cannot_modify_invariants PASSED  [  4%]
tests/test_v25_verifiers.py::test_verify_simulation_returns_expected_shape PASSED [  5%]
tests/test_v26_bench.py::test_cpt_bench_writes_versioned_report PASSED   [  5%]
tests/test_v26_bench_layers.py::test_default_bench_uses_real_curriculum_layers PASSED [  6%]
tests/test_v26_extended_regression.py::test_invariant_thresholds_are_stable_across_instances PASSED [  7%]
tests/test_v26_extended_regression.py::test_invariant_family_mapping_is_deterministic PASSED [  7%]
tests/test_v26_extended_regression.py::test_invariant_family_does_not_silently_change PASSED [  8%]
tests/test_v26_extended_regression.py::test_trace_fingerprint_detects_invariant_drift PASSED [  8%]
tests/test_v26_extended_regression.py::test_composition_cases_exist_in_default_suite PASSED [  9%]
tests/test_v26_extended_regression.py::test_composition_case_has_combined_rule PASSED [ 10%]
tests/test_v26_extended_regression.py::test_composition_benchmark_replay_is_deterministic PASSED [ 10%]
tests/test_v26_extended_regression.py::test_benchmark_covers_all_layers_0_through_11 PASSED [ 11%]
tests/test_v26_extended_regression.py::test_benchmark_covers_layers_16_through_20 PASSED [ 11%]
tests/test_v26_extended_regression.py::test_benchmark_covers_layers_21_through_25 PASSED [ 12%]
tests/test_v26_extended_regression.py::test_benchmark_covers_layers_30_through_32 PASSED [ 13%]
tests/test_v26_extended_regression.py::test_ood_cases_exist_in_default_suite PASSED [ 13%]
tests/test_v26_extended_regression.py::test_snapshot_generator_produces_valid_json PASSED [ 14%]
tests/test_v26_extended_regression.py::test_snapshot_fingerprint_is_deterministic PASSED [ 14%]
tests/test_v26_extended_regression.py::test_replay_trace_for_synthetic_tabular_module PASSED [ 15%]
tests/test_v26_extended_regression.py::test_replay_trace_detects_drift_in_kinematics PASSED [ 16%]
tests/test_v26_oracle_generator.py::test_oracle_generator_is_reproducible PASSED [ 16%]
tests/test_v26_oracle_generator_filters.py::test_oracle_generator_filters_by_layer PASSED [ 17%]
tests/test_v26_permissions.py::test_llm_can_generate_oracle_metadata PASSED [ 17%]
tests/test_v26_permissions.py::test_llm_cannot_bypass_verification PASSED [ 18%]
tests/test_v26_pipeline_runner.py::test_oracle_pipeline_runner_emits_summary PASSED [ 19%]
tests/test_v26_regression.py::test_dataset_fingerprint_is_deterministic PASSED [ 19%]
tests/test_v26_regression.py::test_dataset_fingerprint_changes_with_different_seed PASSED [ 20%]
tests/test_v26_regression.py::test_manifest_includes_module_versions PASSED [ 20%]
tests/test_v26_regression.py::test_benchmark_replay_is_deterministic PASSED [ 21%]
tests/test_v26_regression.py::test_benchmark_case_fingerprint_changes_on_rule_change PASSED [ 22%]
tests/test_v26_regression.py::test_trace_fingerprint_is_deterministic PASSED [ 22%]
tests/test_v26_regression.py::test_trace_fingerprint_changes_with_different_content PASSED [ 23%]
tests/test_v26_regression.py::test_assert_replay_consistency_passes_for_valid_trace PASSED [ 23%]
tests/test_v26_regression.py::test_assert_replay_consistency_raises_on_mismatch PASSED [ 24%]
tests/test_v26_regression.py::test_assert_replay_consistency_raises_on_invalid_step PASSED [ 25%]
tests/test_v26_regression.py::test_oracle_filter_by_multiple_layers PASSED [ 25%]
tests/test_v26_regression.py::test_bench_suite_layer_coverage_from_real_modules PASSED [ 26%]
tests/test_v26_trace_schema.py::test_trace_serialization_orders_by_step_id PASSED [ 26%]
tests/test_v26_trace_schema.py::test_trace_replay_returns_final_state PASSED [ 27%]
tests/test_v26_validation.py::test_validation_pipeline_passes_on_exact_match PASSED [ 27%]
tests/test_v26_validation.py::test_validation_pipeline_rejects_on_invariant_failure PASSED [ 28%]
tests/test_v26_validation_thresholds.py::test_family_threshold_rejects_when_over_limit PASSED [ 29%]
tests/test_v2710_artifact_search_refinement.py::test_build_reverse_dependency_index_basic PASSED [ 29%]
tests/test_v2710_artifact_search_refinement.py::test_find_reverse_dependencies_transitive PASSED [ 30%]
tests/test_v2710_artifact_search_refinement.py::test_find_reverse_dependencies_leaf PASSED [ 30%]
tests/test_v2710_artifact_search_refinement.py::test_find_reverse_dependencies_orphan PASSED [ 31%]
tests/test_v2710_artifact_search_refinement.py::test_reverse_dependency_result_is_deterministic PASSED [ 32%]
tests/test_v2710_artifact_search_refinement.py::test_reverse_dependency_closure PASSED [ 32%]
tests/test_v2710_artifact_search_refinement.py::test_cycle_safe_traversal PASSED [ 33%]
tests/test_v2710_artifact_search_refinement.py::test_dependency_edge_dataclass PASSED [ 33%]
tests/test_v2710_artifact_search_refinement.py::test_query_workspace_root_filter PASSED [ 34%]
tests/test_v2710_artifact_search_refinement.py::test_query_relative_prefix_filter PASSED [ 35%]
tests/test_v2710_artifact_search_refinement.py::test_query_retention_status_filter PASSED [ 35%]
tests/test_v2710_artifact_search_refinement.py::test_query_pinned_filter PASSED [ 36%]
tests/test_v2710_artifact_search_refinement.py::test_query_archive_status_filter PASSED [ 36%]
tests/test_v2710_artifact_search_refinement.py::test_query_lineage_depth_filter PASSED [ 37%]
tests/test_v2710_artifact_search_refinement.py::test_query_created_after_filter PASSED [ 38%]
tests/test_v2710_artifact_search_refinement.py::test_query_deterministic_ordering PASSED [ 38%]
tests/test_v2710_artifact_search_refinement.py::test_save_and_load_query PASSED [ 39%]
tests/test_v2710_artifact_search_refinement.py::test_saved_query_fingerprint_deterministic PASSED [ 39%]
tests/test_v2710_artifact_search_refinement.py::test_saved_query_detects_filter_change PASSED [ 40%]
tests/test_v2710_artifact_search_refinement.py::test_execute_saved_query PASSED [ 41%]
tests/test_v2710_artifact_search_refinement.py::test_execute_saved_query_workspace_filter PASSED [ 41%]
tests/test_v2710_artifact_search_refinement.py::test_validate_saved_query_rejects_missing_fields PASSED [ 42%]
tests/test_v2710_artifact_search_refinement.py::test_validate_saved_query_rejects_unknown_filter_key PASSED [ 42%]
tests/test_v2710_artifact_search_refinement.py::test_build_search_facets_basic PASSED [ 43%]
tests/test_v2710_artifact_search_refinement.py::test_search_facets_counts PASSED [ 44%]
tests/test_v2710_artifact_search_refinement.py::test_search_facets_deterministic PASSED [ 44%]
tests/test_v2710_artifact_search_refinement.py::test_search_facets_markdown PASSED [ 45%]
tests/test_v2710_artifact_search_refinement.py::test_build_discovery_report_basic PASSED [ 45%]
tests/test_v2710_artifact_search_refinement.py::test_discovery_report_orphans PASSED [ 46%]
tests/test_v2710_artifact_search_refinement.py::test_discovery_report_dependency_hubs PASSED [ 47%]
tests/test_v2710_artifact_search_refinement.py::test_discovery_report_deterministic PASSED [ 47%]
tests/test_v2710_artifact_search_refinement.py::test_discovery_report_markdown PASSED [ 48%]
tests/test_v2710_artifact_search_refinement.py::test_analyze_artifact_impact_basic PASSED [ 48%]
tests/test_v2710_artifact_search_refinement.py::test_analyze_artifact_impact_leaf PASSED [ 49%]
tests/test_v2710_artifact_search_refinement.py::test_analyze_artifact_impact_counts_types PASSED [ 50%]
tests/test_v2710_artifact_search_refinement.py::test_impact_analysis_deterministic PASSED [ 50%]
tests/test_v2710_artifact_search_refinement.py::test_lineage_graph_builds_from_inventory PASSED [ 51%]
tests/test_v2710_artifact_search_refinement.py::test_lineage_graph_fingerprint_deterministic PASSED [ 51%]
tests/test_v2710_artifact_search_refinement.py::test_cli_find_reverse_dependencies PASSED [ 52%]
tests/test_v2710_artifact_search_refinement.py::test_cli_run_saved_query_exists PASSED [ 52%]
tests/test_v2710_artifact_search_refinement.py::test_cli_generate_discovery_report_exists PASSED [ 53%]
tests/test_v2710_artifact_search_refinement.py::test_cli_analyze_artifact_impact_exists PASSED [ 54%]
tests/test_v2710_artifact_search_refinement.py::test_backward_compat_v26_dataset_loadable PASSED [ 54%]
tests/test_v2710_artifact_search_refinement.py::test_backward_compat_v27_manifest_loadable PASSED [ 55%]
tests/test_v2710_artifact_search_refinement.py::test_backward_compat_existing_tests_pass PASSED [ 55%]
tests/test_v277_artifact_policy.py::test_policy_loading_and_fingerprint_is_stable PASSED [ 56%]
tests/test_v277_artifact_policy.py::test_policy_rejects_unknown_keys PASSED [ 57%]
tests/test_v277_artifact_policy.py::test_checkpoint_validation_uses_policy_and_accepts_legacy PASSED [ 57%]
tests/test_v277_artifact_policy.py::test_missing_required_field_rejected PASSED [ 58%]
tests/test_v277_artifact_policy.py::test_report_policy_metadata_and_cli_wiring PASSED [ 58%]
tests/test_v277_artifact_policy.py::test_migration_policy_enforcement PASSED [ 59%]
tests/test_v277_artifact_policy.py::test_backward_compatibility_v276_artifacts PASSED [ 60%]
tests/test_v278_retention_and_archive.py::test_retention_scan_and_plan_determinism PASSED [ 60%]
tests/test_v278_retention_and_archive.py::test_dry_run_does_not_delete PASSED [ 61%]
tests/test_v278_retention_and_archive.py::test_archive_bundle_generation_and_manifest_validation PASSED [ 61%]
tests/test_v278_retention_and_archive.py::test_archive_manifest_validation_rejects_bad_payload PASSED [ 62%]
tests/test_v278_retention_and_archive.py::test_retention_report_and_reclaimable_storage PASSED [ 63%]
tests/test_v278_retention_and_archive.py::test_policy_enforcement_during_cleanup_requires_confirmation PASSED [ 63%]
tests/test_v278_retention_and_archive.py::test_backward_compatibility_legacy_artifacts_are_scannable PASSED [ 64%]
tests/test_v279_inventory_and_querying.py::test_inventory_index_determinism_and_incremental_refresh PASSED [ 64%]
tests/test_v279_inventory_and_querying.py::test_query_determinism_and_lineage_graph_stability PASSED [ 65%]
tests/test_v279_inventory_and_querying.py::test_workspace_summary_and_drift_detection PASSED [ 66%]
tests/test_v279_inventory_and_querying.py::test_legacy_artifacts_remain_queryable_and_cli_reproducible PASSED [ 66%]
tests/test_v27_6_artifact_governance.py::test_checkpoint_schema_validation_and_load_roundtrip PASSED [ 67%]
tests/test_v27_6_artifact_governance.py::test_checkpoint_migration_from_legacy_payload PASSED [ 67%]
tests/test_v27_6_artifact_governance.py::test_artifact_registry_roundtrip PASSED [ 68%]
tests/test_v27_6_artifact_governance.py::test_report_generation_json_and_markdown PASSED [ 69%]
tests/test_v27_6_artifact_governance.py::test_evaluation_diff_stability PASSED [ 69%]
tests/test_v27_6_artifact_governance.py::test_generate_eval_report_cli_reproducible PASSED [ 70%]
tests/test_v27_distillation.py::test_export_schema_version_is_270 PASSED [ 70%]
tests/test_v27_distillation.py::test_strict_export_fields_count PASSED   [ 71%]
tests/test_v27_distillation.py::test_validate_valid_row PASSED           [ 72%]
tests/test_v27_distillation.py::test_validate_missing_field PASSED       [ 72%]
tests/test_v27_distillation.py::test_validate_wrong_type_curriculum_layer PASSED [ 73%]
tests/test_v27_distillation.py::test_validate_wrong_type_seed PASSED     [ 73%]
tests/test_v27_distillation.py::test_normalize_adds_missing_fields PASSED [ 74%]
tests/test_v27_distillation.py::test_export_fingerprint_is_deterministic PASSED [ 75%]
tests/test_v27_distillation.py::test_export_fingerprint_changes_on_content_change PASSED [ 75%]
tests/test_v27_distillation.py::test_row_to_contract_raises_on_invalid PASSED [ 76%]
tests/test_v27_distillation.py::test_row_to_contract_succeeds_on_valid PASSED [ 76%]
tests/test_v27_distillation.py::test_manifest_compute_fingerprint PASSED [ 77%]
tests/test_v27_distillation.py::test_manifest_fingerprint_is_deterministic PASSED [ 77%]
tests/test_v27_distillation.py::test_manifest_fingerprint_changes_with_seed PASSED [ 78%]
tests/test_v27_distillation.py::test_manifest_roundtrip_json PASSED      [ 79%]
tests/test_v27_distillation.py::test_validate_manifest_good PASSED       [ 79%]
tests/test_v27_distillation.py::test_validate_manifest_missing_field PASSED [ 80%]
tests/test_v27_distillation.py::test_validate_manifest_detects_fingerprint_tamper PASSED [ 80%]
tests/test_v27_distillation.py::test_shard_dataset_creates_shards PASSED [ 81%]
tests/test_v27_distillation.py::test_shard_manifest_valid PASSED         [ 82%]
tests/test_v27_distillation.py::test_shard_manifest_detects_tamper PASSED [ 82%]
tests/test_v27_distillation.py::test_reassemble_matches_original PASSED  [ 83%]
tests/test_v27_distillation.py::test_iter_dataset_from_shards PASSED     [ 83%]
tests/test_v27_distillation.py::test_load_jsonl_valid PASSED             [ 84%]
tests/test_v27_distillation.py::test_load_jsonl_missing_file PASSED      [ 85%]
tests/test_v27_distillation.py::test_load_jsonl_with_validation PASSED   [ 85%]
tests/test_v27_distillation.py::test_upgrade_v26_row PASSED              [ 86%]
tests/test_v27_distillation.py::test_dataloader_split_deterministic PASSED [ 86%]
tests/test_v27_distillation.py::test_dataloader_different_seeds_different_splits PASSED [ 87%]
tests/test_v27_distillation.py::test_dataloader_split_ratio PASSED       [ 88%]
tests/test_v27_distillation.py::test_exact_match_rate_perfect PASSED     [ 88%]
tests/test_v27_distillation.py::test_exact_match_rate_zero PASSED        [ 89%]
tests/test_v27_distillation.py::test_token_or_struct_match PASSED        [ 89%]
tests/test_v27_distillation.py::test_invariant_violation_rate_no_violations PASSED [ 90%]
tests/test_v27_distillation.py::test_invariant_violation_rate_with_violations PASSED [ 91%]
tests/test_v27_distillation.py::test_trajectory_deviation_zero PASSED    [ 91%]
tests/test_v27_distillation.py::test_trajectory_deviation_nonzero PASSED [ 92%]
tests/test_v27_distillation.py::test_model_evaluator_full_evaluation PASSED [ 92%]
tests/test_v27_distillation.py::test_evaluation_result_fingerprint PASSED [ 93%]
tests/test_v27_distillation.py::test_same_seed_same_fingerprint PASSED   [ 94%]
tests/test_v27_distillation.py::test_manifest_fingerprint_stable PASSED  [ 94%]
tests/test_v27_distillation.py::test_eval_result_fingerprint_stable PASSED [ 95%]
tests/test_v27_distillation.py::test_eval_result_fingerprint_detects_change PASSED [ 95%]
tests/test_v27_distillation.py::test_training_profile_roundtrip PASSED   [ 96%]
tests/test_v27_distillation.py::test_package_dataset_creates_files PASSED [ 97%]
tests/test_v27_distillation.py::test_v26_dataset_auto_upgrade PASSED     [ 97%]
tests/test_v27_tiny_distillation_experiments.py::test_large_dataset_generation_deterministic_and_resumable PASSED [ 98%]
tests/test_v27_tiny_distillation_experiments.py::test_arena_and_failure_taxonomy PASSED [ 98%]
tests/test_v27_tiny_distillation_experiments.py::test_invariant_retention_metric PASSED [ 99%]
tests/test_v27_tiny_distillation_experiments.py::test_training_and_evaluation_reproducibility PASSED [100%]

=============================== warnings summary ===============================
backend/persistence/database.py:11
  /home/john/www/cpt_simulator_v5/backend/persistence/database.py:11: MovedIn20Warning: The ``declarative_base()`` function is now available as sqlalchemy.orm.declarative_base(). (deprecated since: 2.0) (Background on SQLAlchemy 2.0 at: https://sqlalche.me/e/b8d9)
    Base = declarative_base()

tests/test_v277_artifact_policy.py::test_report_policy_metadata_and_cli_wiring
  /home/john/.local/lib/python3.14/site-packages/torch/nn/modules/transformer.py:529: UserWarning: The PyTorch API of nested tensors is in prototype stage and will change in the near future. We recommend specifying layout=torch.jagged when constructing a nested tensor, as this layout receives active development, has better operator coverage, and works with torch.compile. (Triggered internally at /pytorch/aten/src/ATen/NestedTensorImpl.cpp:178.)
    output = torch._nested_tensor_from_mask(

-- Docs: https://docs.pytest.org/en/stable/how-to/capture-warnings.html
============ 166 passed, 2 skipped, 2 warnings in 156.00s (0:02:36) ============
